C:/TouchGFXProjects/TetrisGame/Core/Src/main.c:941:13:SPI5_Write	16	static
C:/TouchGFXProjects/TetrisGame/Core/Src/main.c:1053:6:StartDefaultTask	8	static
C:/TouchGFXProjects/TetrisGame/Core/Src/main.c:250:6:SystemClock_Config	96	static
C:/TouchGFXProjects/TetrisGame/Core/Src/main.c:157:5:main	112	static
C:/TouchGFXProjects/TetrisGame/Core/Src/main.c:696:6:HAL_GPIO_EXTI_Callback	8	static
C:/TouchGFXProjects/TetrisGame/Core/Src/main.c:785:6:IOE_Init	0	static
C:/TouchGFXProjects/TetrisGame/Core/Src/main.c:794:6:IOE_ITConfig	0	static
C:/TouchGFXProjects/TetrisGame/Core/Src/main.c:806:6:IOE_Write	32	static
C:/TouchGFXProjects/TetrisGame/Core/Src/main.c:817:9:IOE_Read	32	static
C:/TouchGFXProjects/TetrisGame/Core/Src/main.c:830:10:IOE_ReadMultiple	24	static
C:/TouchGFXProjects/TetrisGame/Core/Src/main.c:839:6:IOE_Delay	0	static
C:/TouchGFXProjects/TetrisGame/Core/Src/main.c:967:6:LCD_IO_Init	8	static
C:/TouchGFXProjects/TetrisGame/Core/Src/main.c:977:6:LCD_IO_WriteData	16	static
C:/TouchGFXProjects/TetrisGame/Core/Src/main.c:993:6:LCD_IO_WriteReg	16	static
C:/TouchGFXProjects/TetrisGame/Core/Src/main.c:1012:10:LCD_IO_ReadData	32	static
C:/TouchGFXProjects/TetrisGame/Core/Src/main.c:1039:6:LCD_Delay	0	static
C:/TouchGFXProjects/TetrisGame/Core/Src/main.c:1072:6:HAL_TIM_PeriodElapsedCallback	0	static
C:/TouchGFXProjects/TetrisGame/Core/Src/main.c:1090:6:Error_Handler	0	static
