C:/TouchGFXProjects/TetrisGame/Core/Src/main.c:922:13:SPI5_Write	16	static
C:/TouchGFXProjects/TetrisGame/Core/Src/main.c:1034:6:StartDefaultTask	8	static
C:/TouchGFXProjects/TetrisGame/Core/Src/main.c:1052:6:ButtonTask	32	static
C:/TouchGFXProjects/TetrisGame/Core/Src/main.c:271:6:SystemClock_Config	96	static
C:/TouchGFXProjects/TetrisGame/Core/Src/main.c:171:5:main	120	static
C:/TouchGFXProjects/TetrisGame/Core/Src/main.c:767:6:IOE_Init	0	static
C:/TouchGFXProjects/TetrisGame/Core/Src/main.c:776:6:IOE_ITConfig	0	static
C:/TouchGFXProjects/TetrisGame/Core/Src/main.c:788:6:IOE_Write	32	static
C:/TouchGFXProjects/TetrisGame/Core/Src/main.c:799:9:IOE_Read	32	static
C:/TouchGFXProjects/TetrisGame/Core/Src/main.c:812:10:IOE_ReadMultiple	24	static
C:/TouchGFXProjects/TetrisGame/Core/Src/main.c:821:6:IOE_Delay	0	static
C:/TouchGFXProjects/TetrisGame/Core/Src/main.c:948:6:LCD_IO_Init	8	static
C:/TouchGFXProjects/TetrisGame/Core/Src/main.c:958:6:LCD_IO_WriteData	16	static
C:/TouchGFXProjects/TetrisGame/Core/Src/main.c:974:6:LCD_IO_WriteReg	16	static
C:/TouchGFXProjects/TetrisGame/Core/Src/main.c:993:10:LCD_IO_ReadData	32	static
C:/TouchGFXProjects/TetrisGame/Core/Src/main.c:1020:6:LCD_Delay	0	static
C:/TouchGFXProjects/TetrisGame/Core/Src/main.c:1101:6:HAL_TIM_PeriodElapsedCallback	0	static
C:/TouchGFXProjects/TetrisGame/Core/Src/main.c:1119:6:Error_Handler	0	static
