C:/TouchGFXProjects/TetrisGame/Core/Src/main.c:932:13:SPI5_Write	16	static
C:/TouchGFXProjects/TetrisGame/Core/Src/main.c:1044:6:StartDefaultTask	8	static
C:/TouchGFXProjects/TetrisGame/Core/Src/main.c:250:6:SystemClock_Config	96	static
C:/TouchGFXProjects/TetrisGame/Core/Src/main.c:157:5:main	112	static
C:/TouchGFXProjects/TetrisGame/Core/Src/main.c:687:6:HAL_GPIO_EXTI_Callback	8	static
C:/TouchGFXProjects/TetrisGame/Core/Src/main.c:776:6:IOE_Init	0	static
C:/TouchGFXProjects/TetrisGame/Core/Src/main.c:785:6:IOE_ITConfig	0	static
C:/TouchGFXProjects/TetrisGame/Core/Src/main.c:797:6:IOE_Write	32	static
C:/TouchGFXProjects/TetrisGame/Core/Src/main.c:808:9:IOE_Read	32	static
C:/TouchGFXProjects/TetrisGame/Core/Src/main.c:821:10:IOE_ReadMultiple	24	static
C:/TouchGFXProjects/TetrisGame/Core/Src/main.c:830:6:IOE_Delay	0	static
C:/TouchGFXProjects/TetrisGame/Core/Src/main.c:958:6:LCD_IO_Init	8	static
C:/TouchGFXProjects/TetrisGame/Core/Src/main.c:968:6:LCD_IO_WriteData	16	static
C:/TouchGFXProjects/TetrisGame/Core/Src/main.c:984:6:LCD_IO_WriteReg	16	static
C:/TouchGFXProjects/TetrisGame/Core/Src/main.c:1003:10:LCD_IO_ReadData	32	static
C:/TouchGFXProjects/TetrisGame/Core/Src/main.c:1030:6:LCD_Delay	0	static
C:/TouchGFXProjects/TetrisGame/Core/Src/main.c:1063:6:HAL_TIM_PeriodElapsedCallback	0	static
C:/TouchGFXProjects/TetrisGame/Core/Src/main.c:1081:6:Error_Handler	0	static
