C:/TouchGFXProjects/TetrisGame/Core/Src/main.c:933:13:SPI5_Write	16	static
C:/TouchGFXProjects/TetrisGame/Core/Src/main.c:1045:6:StartDefaultTask	8	static
C:/TouchGFXProjects/TetrisGame/Core/Src/main.c:1063:6:ButtonTask	32	static
C:/TouchGFXProjects/TetrisGame/Core/Src/main.c:274:6:SystemClock_Config	96	static
C:/TouchGFXProjects/TetrisGame/Core/Src/main.c:174:5:main	120	static
C:/TouchGFXProjects/TetrisGame/Core/Src/main.c:777:6:IOE_Init	0	static
C:/TouchGFXProjects/TetrisGame/Core/Src/main.c:786:6:IOE_ITConfig	0	static
C:/TouchGFXProjects/TetrisGame/Core/Src/main.c:798:6:IOE_Write	32	static
C:/TouchGFXProjects/TetrisGame/Core/Src/main.c:809:9:IOE_Read	32	static
C:/TouchGFXProjects/TetrisGame/Core/Src/main.c:822:10:IOE_ReadMultiple	24	static
C:/TouchGFXProjects/TetrisGame/Core/Src/main.c:831:6:IOE_Delay	0	static
C:/TouchGFXProjects/TetrisGame/Core/Src/main.c:959:6:LCD_IO_Init	8	static
C:/TouchGFXProjects/TetrisGame/Core/Src/main.c:969:6:LCD_IO_WriteData	16	static
C:/TouchGFXProjects/TetrisGame/Core/Src/main.c:985:6:LCD_IO_WriteReg	16	static
C:/TouchGFXProjects/TetrisGame/Core/Src/main.c:1004:10:LCD_IO_ReadData	32	static
C:/TouchGFXProjects/TetrisGame/Core/Src/main.c:1031:6:LCD_Delay	0	static
C:/TouchGFXProjects/TetrisGame/Core/Src/main.c:1108:6:HAL_TIM_PeriodElapsedCallback	0	static
C:/TouchGFXProjects/TetrisGame/Core/Src/main.c:1126:6:Error_Handler	0	static
