D:/TouchGFX/TouchGFXProject/TetrisGame3/TetrisGame/Core/Src/main.c:948:13:SPI5_Write	16	static
D:/TouchGFX/TouchGFXProject/TetrisGame3/TetrisGame/Core/Src/main.c:1060:6:StartDefaultTask	8	static
D:/TouchGFX/TouchGFXProject/TetrisGame3/TetrisGame/Core/Src/main.c:254:6:SystemClock_Config	96	static
D:/TouchGFX/TouchGFXProject/TetrisGame3/TetrisGame/Core/Src/main.c:161:5:main	112	static
D:/TouchGFX/TouchGFXProject/TetrisGame3/TetrisGame/Core/Src/main.c:700:6:HAL_GPIO_EXTI_Callback	8	static
D:/TouchGFX/TouchGFXProject/TetrisGame3/TetrisGame/Core/Src/main.c:792:6:IOE_Init	0	static
D:/TouchGFX/TouchGFXProject/TetrisGame3/TetrisGame/Core/Src/main.c:801:6:IOE_ITConfig	0	static
D:/TouchGFX/TouchGFXProject/TetrisGame3/TetrisGame/Core/Src/main.c:813:6:IOE_Write	32	static
D:/TouchGFX/TouchGFXProject/TetrisGame3/TetrisGame/Core/Src/main.c:824:9:IOE_Read	32	static
D:/TouchGFX/TouchGFXProject/TetrisGame3/TetrisGame/Core/Src/main.c:837:10:IOE_ReadMultiple	24	static
D:/TouchGFX/TouchGFXProject/TetrisGame3/TetrisGame/Core/Src/main.c:846:6:IOE_Delay	0	static
D:/TouchGFX/TouchGFXProject/TetrisGame3/TetrisGame/Core/Src/main.c:974:6:LCD_IO_Init	8	static
D:/TouchGFX/TouchGFXProject/TetrisGame3/TetrisGame/Core/Src/main.c:984:6:LCD_IO_WriteData	16	static
D:/TouchGFX/TouchGFXProject/TetrisGame3/TetrisGame/Core/Src/main.c:1000:6:LCD_IO_WriteReg	16	static
D:/TouchGFX/TouchGFXProject/TetrisGame3/TetrisGame/Core/Src/main.c:1019:10:LCD_IO_ReadData	32	static
D:/TouchGFX/TouchGFXProject/TetrisGame3/TetrisGame/Core/Src/main.c:1046:6:LCD_Delay	0	static
D:/TouchGFX/TouchGFXProject/TetrisGame3/TetrisGame/Core/Src/main.c:1079:6:HAL_TIM_PeriodElapsedCallback	0	static
D:/TouchGFX/TouchGFXProject/TetrisGame3/TetrisGame/Core/Src/main.c:1097:6:Error_Handler	0	static
