C:/TouchGFXProjects/TetrisGame/Core/Src/stm32f4xx_it.c:73:6:NMI_Handler	0	static
C:/TouchGFXProjects/TetrisGame/Core/Src/stm32f4xx_it.c:86:6:HardFault_Handler	0	static
C:/TouchGFXProjects/TetrisGame/Core/Src/stm32f4xx_it.c:101:6:MemManage_Handler	0	static
C:/TouchGFXProjects/TetrisGame/Core/Src/stm32f4xx_it.c:116:6:BusFault_Handler	0	static
C:/TouchGFXProjects/TetrisGame/Core/Src/stm32f4xx_it.c:131:6:UsageFault_Handler	0	static
C:/TouchGFXProjects/TetrisGame/Core/Src/stm32f4xx_it.c:146:6:DebugMon_Handler	0	static
C:/TouchGFXProjects/TetrisGame/Core/Src/stm32f4xx_it.c:166:6:EXTI9_5_IRQHandler	8	static
C:/TouchGFXProjects/TetrisGame/Core/Src/stm32f4xx_it.c:181:6:EXTI15_10_IRQHandler	8	static
C:/TouchGFXProjects/TetrisGame/Core/Src/stm32f4xx_it.c:196:6:TIM6_DAC_IRQHandler	0	static
C:/TouchGFXProjects/TetrisGame/Core/Src/stm32f4xx_it.c:210:6:LTDC_IRQHandler	0	static
C:/TouchGFXProjects/TetrisGame/Core/Src/stm32f4xx_it.c:224:6:DMA2D_IRQHandler	0	static
