../../Middlewares/ST/touchgfx/framework/include/touchgfx/Drawable.hpp:147:23:virtual touchgfx::Drawable* touchgfx::Drawable::getFirstChild()	0	static
../../Middlewares/ST/touchgfx/framework/include/touchgfx/Drawable.hpp:315:18:virtual void touchgfx::Drawable::setX(int16_t)	0	static
../../Middlewares/ST/touchgfx/framework/include/touchgfx/Drawable.hpp:327:18:virtual void touchgfx::Drawable::setY(int16_t)	0	static
../../Middlewares/ST/touchgfx/framework/include/touchgfx/Drawable.hpp:356:18:virtual void touchgfx::Drawable::setWidth(int16_t)	0	static
../../Middlewares/ST/touchgfx/framework/include/touchgfx/Drawable.hpp:368:18:virtual void touchgfx::Drawable::setHeight(int16_t)	0	static
../../Middlewares/ST/touchgfx/framework/include/touchgfx/Drawable.hpp:378:18:virtual void touchgfx::Drawable::childGeometryChanged()	0	static
../../Middlewares/ST/touchgfx/framework/include/touchgfx/Drawable.hpp:389:18:virtual void touchgfx::Drawable::handleClickEvent(const touchgfx::ClickEvent&)	0	static
../../Middlewares/ST/touchgfx/framework/include/touchgfx/Drawable.hpp:401:18:virtual void touchgfx::Drawable::handleGestureEvent(const touchgfx::GestureEvent&)	0	static
../../Middlewares/ST/touchgfx/framework/include/touchgfx/Drawable.hpp:490:18:virtual void touchgfx::Drawable::handleDragEvent(const touchgfx::DragEvent&)	0	static
../../Middlewares/ST/touchgfx/framework/include/touchgfx/Drawable.hpp:501:18:virtual void touchgfx::Drawable::handleTickEvent()	0	static
../../Middlewares/ST/touchgfx/framework/include/touchgfx/Drawable.hpp:588:18:virtual void touchgfx::Drawable::moveTo(int16_t, int16_t)	4	static
../../Middlewares/ST/touchgfx/framework/include/touchgfx/Drawable.hpp:703:18:virtual void touchgfx::Drawable::setupDrawChain(const touchgfx::Rect&, touchgfx::Drawable**)	0	static
../../Middlewares/ST/touchgfx/framework/include/touchgfx/Screen.hpp:104:18:virtual void touchgfx::Screen::afterTransition()	0	static
../../Middlewares/ST/touchgfx/framework/include/touchgfx/Screen.hpp:154:18:virtual void touchgfx::Screen::handleKeyEvent(uint8_t)	0	static
D:/TouchGFX/TouchGFXProject/TetrisGame3/TetrisGame/TouchGFX/gui/src/screen1_screen/Screen1View.cpp:68:6:virtual void Screen1View::tearDownScreen()	0	static
../../TouchGFX/gui/include/gui/screen1_screen/Screen1View.hpp:29:13:Screen1View::~Screen1View()	16	static
../../TouchGFX/gui/include/gui/screen1_screen/Screen1View.hpp:29:13:virtual Screen1View::~Screen1View()	8	static
../../Middlewares/ST/touchgfx/framework/include/touchgfx/Drawable.hpp:121:18:virtual void touchgfx::Drawable::invalidateContent() const	0	static
../../Middlewares/ST/touchgfx/framework/include/touchgfx/widgets/Widget.hpp:45:18:virtual void touchgfx::Widget::getLastChild(int16_t, int16_t, touchgfx::Drawable**)	0	static
../../Middlewares/ST/touchgfx/framework/include/touchgfx/Drawable.hpp:233:10:void touchgfx::Drawable::setPosition(int16_t, int16_t, int16_t, int16_t)	24	static
../../Middlewares/ST/touchgfx/framework/include/touchgfx/widgets/Image.hpp:50:5:touchgfx::Image::Image(const touchgfx::Bitmap&)	8	static
D:/TouchGFX/TouchGFXProject/TetrisGame3/TetrisGame/TouchGFX/gui/src/screen1_screen/Screen1View.cpp:45:6:void Screen1View::initRandom()	8	static
D:/TouchGFX/TouchGFXProject/TetrisGame3/TetrisGame/TouchGFX/gui/src/screen1_screen/Screen1View.cpp:54:10:uint32_t Screen1View::customRandom()	0	static
D:/TouchGFX/TouchGFXProject/TetrisGame3/TetrisGame/TouchGFX/gui/src/screen1_screen/Screen1View.cpp:59:5:int Screen1View::getRandomPiece()	8	static
D:/TouchGFX/TouchGFXProject/TetrisGame3/TetrisGame/TouchGFX/gui/src/screen1_screen/Screen1View.cpp:72:6:void Screen1View::generatePiece(char)	8	static
D:/TouchGFX/TouchGFXProject/TetrisGame3/TetrisGame/TouchGFX/gui/src/screen1_screen/Screen1View.cpp:11:1:Screen1View::Screen1View()	32	static
D:/TouchGFX/TouchGFXProject/TetrisGame3/TetrisGame/TouchGFX/gui/src/screen1_screen/Screen1View.cpp:131:6:bool Screen1View::checkCollision()	20	static
D:/TouchGFX/TouchGFXProject/TetrisGame3/TetrisGame/TouchGFX/gui/src/screen1_screen/Screen1View.cpp:146:6:bool Screen1View::checkCollisionDown()	20	static
D:/TouchGFX/TouchGFXProject/TetrisGame3/TetrisGame/TouchGFX/gui/src/screen1_screen/Screen1View.cpp:161:6:bool Screen1View::checkCollisionLeft()	20	static
D:/TouchGFX/TouchGFXProject/TetrisGame3/TetrisGame/TouchGFX/gui/src/screen1_screen/Screen1View.cpp:176:6:bool Screen1View::checkCollisionRight()	20	static
D:/TouchGFX/TouchGFXProject/TetrisGame3/TetrisGame/TouchGFX/gui/src/screen1_screen/Screen1View.cpp:191:6:void Screen1View::savePieceToGrid()	20	static
D:/TouchGFX/TouchGFXProject/TetrisGame3/TetrisGame/TouchGFX/gui/src/screen1_screen/Screen1View.cpp:261:6:void Screen1View::adjustFallSpeed()	0	static
D:/TouchGFX/TouchGFXProject/TetrisGame3/TetrisGame/TouchGFX/gui/src/screen1_screen/Screen1View.cpp:236:6:void Screen1View::clearLines()	24	static
D:/TouchGFX/TouchGFXProject/TetrisGame3/TetrisGame/TouchGFX/gui/src/screen1_screen/Screen1View.cpp:266:6:void Screen1View::rotateClockwise(uint8_t (*)[4])	32	static
D:/TouchGFX/TouchGFXProject/TetrisGame3/TetrisGame/TouchGFX/gui/src/screen1_screen/Screen1View.cpp:582:6:void Screen1View::gotoGameOverScreen()	8	static
D:/TouchGFX/TouchGFXProject/TetrisGame3/TetrisGame/TouchGFX/gui/src/screen1_screen/Screen1View.cpp:521:6:virtual void Screen1View::handleTickEvent()	16	static
D:/TouchGFX/TouchGFXProject/TetrisGame3/TetrisGame/TouchGFX/gui/src/screen1_screen/Screen1View.cpp:381:6:void Screen1View::drawBlock(int, int, int)	40	static
D:/TouchGFX/TouchGFXProject/TetrisGame3/TetrisGame/TouchGFX/gui/src/screen1_screen/Screen1View.cpp:410:6:void Screen1View::drawNextBlock()	56	static
D:/TouchGFX/TouchGFXProject/TetrisGame3/TetrisGame/TouchGFX/gui/src/screen1_screen/Screen1View.cpp:443:6:void Screen1View::updateScreen()	32	static
D:/TouchGFX/TouchGFXProject/TetrisGame3/TetrisGame/TouchGFX/gui/src/screen1_screen/Screen1View.cpp:63:6:virtual void Screen1View::setupScreen()	8	static
D:/TouchGFX/TouchGFXProject/TetrisGame3/TetrisGame/TouchGFX/gui/src/screen1_screen/Screen1View.cpp:205:6:virtual void Screen1View::spawnNewPiece()	24	static
D:/TouchGFX/TouchGFXProject/TetrisGame3/TetrisGame/TouchGFX/gui/src/screen1_screen/Screen1View.cpp:285:6:void Screen1View::handleGameLogic()	48	static
D:/TouchGFX/TouchGFXProject/TetrisGame3/TetrisGame/TouchGFX/gui/src/screen1_screen/Screen1View.cpp:483:6:virtual void Screen1View::updatePiecePosition()	8	static
D:/TouchGFX/TouchGFXProject/TetrisGame3/TetrisGame/TouchGFX/gui/src/screen1_screen/Screen1View.cpp:491:6:virtual void Screen1View::movePieceDown()	8	static
D:/TouchGFX/TouchGFXProject/TetrisGame3/TetrisGame/TouchGFX/gui/src/screen1_screen/Screen1View.cpp:497:6:virtual void Screen1View::movePieceLeft()	8	static
D:/TouchGFX/TouchGFXProject/TetrisGame3/TetrisGame/TouchGFX/gui/src/screen1_screen/Screen1View.cpp:503:6:virtual void Screen1View::movePieceRight()	8	static
D:/TouchGFX/TouchGFXProject/TetrisGame3/TetrisGame/TouchGFX/gui/src/screen1_screen/Screen1View.cpp:509:6:virtual void Screen1View::rotatePiece()	8	static
D:/TouchGFX/TouchGFXProject/TetrisGame3/TetrisGame/TouchGFX/gui/src/screen1_screen/Screen1View.cpp:515:6:virtual void Screen1View::hardDropPiece()	8	static
