../../Middlewares/ST/touchgfx/framework/include/touchgfx/Screen.hpp:104:18:virtual void touchgfx::Screen::afterTransition()	0	static
../../Middlewares/ST/touchgfx/framework/include/touchgfx/Screen.hpp:154:18:virtual void touchgfx::Screen::handleKeyEvent(uint8_t)	0	static
C:/TouchGFXProjects/TetrisGame/TouchGFX/gui/src/screen2_screen/Screen2View.cpp:43:6:virtual void Screen2View::tearDownScreen()	8	static
../../TouchGFX/gui/include/gui/screen2_screen/Screen2View.hpp:22:13:Screen2View::~Screen2View()	8	static
../../TouchGFX/gui/include/gui/screen2_screen/Screen2View.hpp:22:13:virtual Screen2View::~Screen2View()	8	static
C:/TouchGFXProjects/TetrisGame/TouchGFX/gui/src/screen2_screen/Screen2View.cpp:26:6:void Screen2View::playNote(uint16_t, uint16_t)	8	static
C:/TouchGFXProjects/TetrisGame/TouchGFX/gui/src/screen2_screen/Screen2View.cpp:35:1:Screen2View::Screen2View()	8	static
C:/TouchGFXProjects/TetrisGame/TouchGFX/gui/src/screen2_screen/Screen2View.cpp:67:6:void Screen2View::gotoGameScreen()	8	static
C:/TouchGFXProjects/TetrisGame/TouchGFX/gui/src/screen2_screen/Screen2View.cpp:48:6:virtual void Screen2View::handleTickEvent()	32	static
C:/TouchGFXProjects/TetrisGame/TouchGFX/gui/src/screen2_screen/Screen2View.cpp:38:6:virtual void Screen2View::setupScreen()	8	static
