../../Middlewares/ST/touchgfx/framework/include/touchgfx/Drawable.hpp:147:23:virtual touchgfx::Drawable* touchgfx::Drawable::getFirstChild()	0	static
../../Middlewares/ST/touchgfx/framework/include/touchgfx/Drawable.hpp:315:18:virtual void touchgfx::Drawable::setX(int16_t)	0	static
../../Middlewares/ST/touchgfx/framework/include/touchgfx/Drawable.hpp:327:18:virtual void touchgfx::Drawable::setY(int16_t)	0	static
../../Middlewares/ST/touchgfx/framework/include/touchgfx/Drawable.hpp:356:18:virtual void touchgfx::Drawable::setWidth(int16_t)	0	static
../../Middlewares/ST/touchgfx/framework/include/touchgfx/Drawable.hpp:368:18:virtual void touchgfx::Drawable::setHeight(int16_t)	0	static
../../Middlewares/ST/touchgfx/framework/include/touchgfx/Drawable.hpp:378:18:virtual void touchgfx::Drawable::childGeometryChanged()	0	static
../../Middlewares/ST/touchgfx/framework/include/touchgfx/Drawable.hpp:389:18:virtual void touchgfx::Drawable::handleClickEvent(const touchgfx::ClickEvent&)	0	static
../../Middlewares/ST/touchgfx/framework/include/touchgfx/Drawable.hpp:401:18:virtual void touchgfx::Drawable::handleGestureEvent(const touchgfx::GestureEvent&)	0	static
../../Middlewares/ST/touchgfx/framework/include/touchgfx/Drawable.hpp:490:18:virtual void touchgfx::Drawable::handleDragEvent(const touchgfx::DragEvent&)	0	static
../../Middlewares/ST/touchgfx/framework/include/touchgfx/Drawable.hpp:501:18:virtual void touchgfx::Drawable::handleTickEvent()	0	static
../../Middlewares/ST/touchgfx/framework/include/touchgfx/Drawable.hpp:588:18:virtual void touchgfx::Drawable::moveTo(int16_t, int16_t)	4	static
../../Middlewares/ST/touchgfx/framework/include/touchgfx/Drawable.hpp:703:18:virtual void touchgfx::Drawable::setupDrawChain(const touchgfx::Rect&, touchgfx::Drawable**)	0	static
../../Middlewares/ST/touchgfx/framework/include/touchgfx/Screen.hpp:104:18:virtual void touchgfx::Screen::afterTransition()	0	static
C:/TouchGFXProjects/TetrisGame/TouchGFX/gui/src/screen1_screen/Screen1View.cpp:60:6:virtual void Screen1View::tearDownScreen()	0	static
../../TouchGFX/gui/include/gui/screen1_screen/Screen1View.hpp:27:13:Screen1View::~Screen1View()	16	static
../../TouchGFX/gui/include/gui/screen1_screen/Screen1View.hpp:27:13:virtual Screen1View::~Screen1View()	8	static
../../Middlewares/ST/touchgfx/framework/include/touchgfx/Drawable.hpp:121:18:virtual void touchgfx::Drawable::invalidateContent() const	0	static
../../Middlewares/ST/touchgfx/framework/include/touchgfx/widgets/Widget.hpp:45:18:virtual void touchgfx::Widget::getLastChild(int16_t, int16_t, touchgfx::Drawable**)	0	static
C:/TouchGFXProjects/TetrisGame/TouchGFX/gui/src/screen1_screen/Screen1View.cpp:37:6:void Screen1View::initRandom()	8	static
C:/TouchGFXProjects/TetrisGame/TouchGFX/gui/src/screen1_screen/Screen1View.cpp:46:10:uint32_t Screen1View::customRandom()	0	static
C:/TouchGFXProjects/TetrisGame/TouchGFX/gui/src/screen1_screen/Screen1View.cpp:51:5:int Screen1View::getRandomPiece()	8	static
C:/TouchGFXProjects/TetrisGame/TouchGFX/gui/src/screen1_screen/Screen1View.cpp:64:6:void Screen1View::generatePiece(char)	8	static
C:/TouchGFXProjects/TetrisGame/TouchGFX/gui/src/screen1_screen/Screen1View.cpp:9:1:Screen1View::Screen1View()	40	static
C:/TouchGFXProjects/TetrisGame/TouchGFX/gui/src/screen1_screen/Screen1View.cpp:123:6:bool Screen1View::checkCollision()	20	static
C:/TouchGFXProjects/TetrisGame/TouchGFX/gui/src/screen1_screen/Screen1View.cpp:197:6:virtual void Screen1View::spawnNewPiece()	8	static
C:/TouchGFXProjects/TetrisGame/TouchGFX/gui/src/screen1_screen/Screen1View.cpp:138:6:bool Screen1View::checkCollisionDown()	20	static
C:/TouchGFXProjects/TetrisGame/TouchGFX/gui/src/screen1_screen/Screen1View.cpp:153:6:bool Screen1View::checkCollisionLeft()	20	static
C:/TouchGFXProjects/TetrisGame/TouchGFX/gui/src/screen1_screen/Screen1View.cpp:168:6:bool Screen1View::checkCollisionRight()	20	static
C:/TouchGFXProjects/TetrisGame/TouchGFX/gui/src/screen1_screen/Screen1View.cpp:183:6:void Screen1View::savePieceToGrid()	20	static
C:/TouchGFXProjects/TetrisGame/TouchGFX/gui/src/screen1_screen/Screen1View.cpp:239:6:void Screen1View::adjustFallSpeed()	0	static
C:/TouchGFXProjects/TetrisGame/TouchGFX/gui/src/screen1_screen/Screen1View.cpp:214:6:void Screen1View::clearLines()	24	static
C:/TouchGFXProjects/TetrisGame/TouchGFX/gui/src/screen1_screen/Screen1View.cpp:244:6:void Screen1View::rotateClockwise(uint8_t (*)[4])	32	static
C:/TouchGFXProjects/TetrisGame/TouchGFX/gui/src/screen1_screen/Screen1View.cpp:359:6:void Screen1View::drawBlock(int, int, int)	40	static
C:/TouchGFXProjects/TetrisGame/TouchGFX/gui/src/screen1_screen/Screen1View.cpp:388:6:void Screen1View::updateScreen()	32	static
C:/TouchGFXProjects/TetrisGame/TouchGFX/gui/src/screen1_screen/Screen1View.cpp:55:6:virtual void Screen1View::setupScreen()	8	static
C:/TouchGFXProjects/TetrisGame/TouchGFX/gui/src/screen1_screen/Screen1View.cpp:263:6:void Screen1View::handleGameLogic()	48	static
C:/TouchGFXProjects/TetrisGame/TouchGFX/gui/src/screen1_screen/Screen1View.cpp:419:6:virtual void Screen1View::updatePiecePosition()	8	static
C:/TouchGFXProjects/TetrisGame/TouchGFX/gui/src/screen1_screen/Screen1View.cpp:427:6:virtual void Screen1View::movePieceDown()	8	static
C:/TouchGFXProjects/TetrisGame/TouchGFX/gui/src/screen1_screen/Screen1View.cpp:433:6:virtual void Screen1View::movePieceLeft()	8	static
C:/TouchGFXProjects/TetrisGame/TouchGFX/gui/src/screen1_screen/Screen1View.cpp:439:6:virtual void Screen1View::movePieceRight()	8	static
C:/TouchGFXProjects/TetrisGame/TouchGFX/gui/src/screen1_screen/Screen1View.cpp:445:6:virtual void Screen1View::rotatePiece()	8	static
C:/TouchGFXProjects/TetrisGame/TouchGFX/gui/src/screen1_screen/Screen1View.cpp:451:6:virtual void Screen1View::hardDropPiece()	8	static
C:/TouchGFXProjects/TetrisGame/TouchGFX/gui/src/screen1_screen/Screen1View.cpp:457:6:virtual void Screen1View::handleTickEvent()	16	static
